C51 COMPILER V9.52.0.0   DELAY                                                             11/14/2017 16:30:38 PAGE 1   


C51 COMPILER V9.52.0.0, COMPILATION OF MODULE DELAY
OBJECT MODULE PLACED IN .\Output\Delay.obj
COMPILER INVOKED BY: C:\Keil_v5\C51\BIN\C51.EXE Code\Common\Delay.c OPTIMIZE(4,SPEED) BROWSE INCDIR(.\Code\Common;.\Code
                    -;.\Code\BSP;.\Code\N76E003_HW) DEFINE(FOSC_160000) DEBUG OBJECTEXTEND PRINT(.\LST\Delay.lst) TABS(2) OBJECT(.\Output\Del
                    -ay.obj)

line level    source

   1          /*--------------------------------------------------------------------------------------------------------
             --*/
   2          /*                                                                                                        
             - */
   3          /* Copyright(c) 2017 Nuvoton Technology Corp. All rights reserved.                                        
             - */
   4          /*                                                                                                        
             - */
   5          /*--------------------------------------------------------------------------------------------------------
             --*/
   6          
   7          //********************************************************************************************************
             -***
   8          //  Website: http://www.nuvoton.com
   9          //  E-Mail : MicroC-8bit@nuvoton.com
  10          //  Date   : Jan/21/2017
  11          //********************************************************************************************************
             -***
  12          
  13          #include "N76E003.h"
  14          #include "Common.h"
  15          #include "Delay.h"
  16          #include "SFR_Macro.h"
  17          #include "Function_define.h"
  18          //bit BIT_TMP;
  19          
  20          void delayms(unsigned int t)   //?? 0us
  21          {
  22   1          unsigned char a,b,c,d;
  23   1          for(d=t;t>0;t--)
  24   1            for(c=17;c>0;c--)
  25   1              for(b=134;b>0;b--)
  26   1                  for(a=2;a>0;a--);
  27   1      }
  28          
  29          void delay1ms(void)   //?? 0us
  30          {
  31   1          unsigned char a,b,c;
  32   1          for(c=17;c>0;c--)
  33   1              for(b=134;b>0;b--)
  34   1                  for(a=2;a>0;a--);
  35   1      }
  36          
  37          void delay10ms(void)   //?? 0us
  38          {
  39   1          unsigned char a,b,c;
  40   1          for(c=193;c>0;c--)
  41   1              for(b=118;b>0;b--)
  42   1                  for(a=2;a>0;a--);
  43   1      }
  44          
  45          //-------------------------------------------------------------------------
  46          //void Timer0_Delay100us(UINT32 u32CNT)
C51 COMPILER V9.52.0.0   DELAY                                                             11/14/2017 16:30:38 PAGE 2   

  47          //{
  48          //    clr_T0M;                                    //T0M=0, Timer0 Clock = Fsys/12
  49          //    TMOD |= 0x01;                               //Timer0 is 16-bit mode
  50          //    set_TR0;                                    //Start Timer0
  51          //    while (u32CNT != 0)
  52          //    {
  53          //        TL0 = LOBYTE(TIMER_DIV12_VALUE_100us);  //Find  define in "Function_define.h" "TIMER VALUE"
  54          //        TH0 = HIBYTE(TIMER_DIV12_VALUE_100us);
  55          //        while (TF0 != 1);                       //Check Timer0 Time-Out Flag
  56          //        clr_TF0;
  57          //        u32CNT --;
  58          //    }
  59          //    clr_TR0;                                    //Stop Timer0
  60          //}
  61          ////------------------------------------------------------------------------------
  62          //void Timer0_Delay1ms(UINT32 u32CNT)
  63          //{
  64          //    clr_T0M;                                    //T0M=0, Timer0 Clock = Fsys/12
  65          //    TMOD |= 0x01;                               //Timer0 is 16-bit mode
  66          //    set_TR0;                                    //Start Timer0
  67          //    while (u32CNT != 0)
  68          //    {
  69          //        TL0 = LOBYTE(TIMER_DIV12_VALUE_1ms);    //Find  define in "Function_define.h" "TIMER VALUE"
  70          //        TH0 = HIBYTE(TIMER_DIV12_VALUE_1ms);
  71          //        while (TF0 != 1);                       //Check Timer0 Time-Out Flag
  72          //        clr_TF0;
  73          //        u32CNT --;
  74          //    }
  75          //    clr_TR0;                                    //Stop Timer0
  76          //}
  77          
  78          ////------------------------------------------------------------------------------
  79          //void Timer1_Delay10ms(UINT32 u32CNT)
  80          //{
  81          //    clr_T1M;                                    //T1M=0, Timer1 Clock = Fsys/12
  82          //    TMOD |= 0x10;                               //Timer1 is 16-bit mode
  83          //    set_TR1;                                    //Start Timer1
  84          //    while (u32CNT != 0)
  85          //    {
  86          //        TL1 = LOBYTE(TIMER_DIV12_VALUE_10ms);   //Find  define in "Function_define.h" "TIMER VALUE"
  87          //        TH1 = HIBYTE(TIMER_DIV12_VALUE_10ms);
  88          //        while (TF1 != 1);                       //Check Timer1 Time-Out Flag
  89          //        clr_TF1;
  90          //        u32CNT --;
  91          //    }
  92          //    clr_TR1;                                    //Stop Timer1
  93          //}
  94          ////------------------------------------------------------------------------------
  95          //void Timer2_Delay500us(UINT32 u32CNT)
  96          //{
  97          //    clr_T2DIV2;                                 //Timer2 Clock = Fsys/4 
  98          //    clr_T2DIV1;
  99          //    set_T2DIV0;
 100          //    set_TR2;                                    //Start Timer2
 101          //    while (u32CNT != 0)
 102          //    {
 103          //        TL2 = LOBYTE(TIMER_DIV4_VALUE_500us);   //Find  define in "Function_define.h" "TIMER VALUE"
 104          //        TH2 = HIBYTE(TIMER_DIV4_VALUE_500us);
 105          //        while (TF2 != 1);                       //Check Timer2 Time-Out Flag
 106          //        clr_TF2;
 107          //        u32CNT --;
 108          //    }
C51 COMPILER V9.52.0.0   DELAY                                                             11/14/2017 16:30:38 PAGE 3   

 109          //    clr_TR2;                                    //Stop Timer2
 110          //}
 111          ////------------------------------------------------------------------------------
 112          //void Timer3_Delay100ms(UINT32 u32CNT)
 113          //{
 114          //    T3CON = 0x07;                               //Timer3 Clock = Fsys/128
 115          //    set_TR3;                                    //Trigger Timer3
 116          //    while (u32CNT != 0)
 117          //    {
 118          //        RL3 = LOBYTE(TIMER_DIV128_VALUE_100ms); //Find  define in "Function_define.h" "TIMER VALUE"
 119          //        RH3 = HIBYTE(TIMER_DIV128_VALUE_100ms);
 120          //        while ((T3CON&SET_BIT4) != SET_BIT4);   //Check Timer3 Time-Out Flag
 121          //        clr_TF3;
 122          //        u32CNT --;
 123          //    }
 124          //    clr_TR3;                                    //Stop Timer3
 125          //}
 126          ////------------------------------------------------------------------------------
 127          //void Timer3_Delay10us(UINT32 u32CNT)
 128          //{
 129          //    T3CON = 0x07;                               //Timer3 Clock = Fsys/128
 130          //    set_TR3;                                    //Trigger Timer3
 131          //    while (u32CNT != 0)
 132          //    {
 133          //        RL3 = LOBYTE(TIMER_DIV4_VALUE_10us); //Find  define in "Function_define.h" "TIMER VALUE"
 134          //        RH3 = HIBYTE(TIMER_DIV4_VALUE_10us);
 135          //        while ((T3CON&SET_BIT4) != SET_BIT4);   //Check Timer3 Time-Out Flag
 136          //        clr_TF3;
 137          //        u32CNT --;
 138          //    }
 139          //    clr_TR3;                                    //Stop Timer3
 140          //}


MODULE INFORMATION:   STATIC OVERLAYABLE
   CODE SIZE        =    120    ----
   CONSTANT SIZE    =   ----    ----
   XDATA SIZE       =   ----    ----
   PDATA SIZE       =   ----    ----
   DATA SIZE        =   ----       1
   IDATA SIZE       =   ----    ----
   BIT SIZE         =   ----    ----
END OF MODULE INFORMATION.


C51 COMPILATION COMPLETE.  0 WARNING(S),  0 ERROR(S)
