C51 COMPILER V9.52.0.0   DELAY                                                             03/19/2018 16:44:35 PAGE 1   


C51 COMPILER V9.52.0.0, COMPILATION OF MODULE DELAY
OBJECT MODULE PLACED IN .\Output\Delay.obj
COMPILER INVOKED BY: C:\Keil_v5\C51\BIN\C51.EXE Code\Common\Delay.c OPTIMIZE(4,SPEED) BROWSE INCDIR(.\Code\Common;.\Code
                    -;.\Code\BSP;.\Code\N76E003_HW) DEFINE(FOSC_160000) DEBUG OBJECTEXTEND PRINT(.\LST\Delay.lst) TABS(2) OBJECT(.\Output\Del
                    -ay.obj)

line level    source

   1          /*--------------------------------------------------------------------------------------------------------
             --*/
   2          /*                                                                                                        
             - */
   3          /* Copyright(c) 2017 Nuvoton Technology Corp. All rights reserved.                                        
             - */
   4          /*                                                                                                        
             - */
   5          /*--------------------------------------------------------------------------------------------------------
             --*/
   6          
   7          //********************************************************************************************************
             -***
   8          //  Website: http://www.nuvoton.com
   9          //  E-Mail : MicroC-8bit@nuvoton.com
  10          //  Date   : Jan/21/2017
  11          //********************************************************************************************************
             -***
  12          
  13          #include "N76E003.h"
  14          #include "Common.h"
  15          #include "Delay.h"
  16          #include "SFR_Macro.h"
  17          #include "Function_define.h"
  18          //bit BIT_TMP;
  19          
  20          void delay_adc(void)   // 5us
  21          {
  22   1          unsigned char a,b;
  23   1          for(b=1;b>0;b--)
  24   1              for(a=10;a>0;a--);
  25   1      }
  26          
  27          
  28          void delayms(unsigned int t)   //?? 0us
  29          {
  30   1          unsigned char a,b,c,d;
  31   1          for(d=t;t>0;t--)
  32   1            for(c=17;c>0;c--)
  33   1              for(b=134;b>0;b--)
  34   1                  for(a=2;a>0;a--);
  35   1      }
  36          
  37          void delay1ms(void)   //?? 0us
  38          {
  39   1          unsigned char a,b,c;
  40   1          for(c=17;c>0;c--)
  41   1              for(b=134;b>0;b--)
  42   1                  for(a=2;a>0;a--);
  43   1      }
  44          
  45          void delay10ms(void)   //?? 0us
  46          {
C51 COMPILER V9.52.0.0   DELAY                                                             03/19/2018 16:44:35 PAGE 2   

  47   1          unsigned char a,b,c;
  48   1          for(c=193;c>0;c--)
  49   1              for(b=118;b>0;b--)
  50   1                  for(a=2;a>0;a--);
  51   1      }


MODULE INFORMATION:   STATIC OVERLAYABLE
   CODE SIZE        =    143    ----
   CONSTANT SIZE    =   ----    ----
   XDATA SIZE       =   ----    ----
   PDATA SIZE       =   ----    ----
   DATA SIZE        =   ----       1
   IDATA SIZE       =   ----    ----
   BIT SIZE         =   ----    ----
END OF MODULE INFORMATION.


C51 COMPILATION COMPLETE.  0 WARNING(S),  0 ERROR(S)
