C51 COMPILER V9.52.0.0   LED                                                               11/06/2017 17:49:00 PAGE 1   


C51 COMPILER V9.52.0.0, COMPILATION OF MODULE LED
OBJECT MODULE PLACED IN .\Output\LED.obj
COMPILER INVOKED BY: C:\Keil_v5\C51\BIN\C51.EXE Code\LED.c OPTIMIZE(4,SPEED) BROWSE INCDIR(.\Code\Common;.\Code;.\Code\B
                    -SP;.\Code\N76E003_HW) DEFINE(FOSC_160000) DEBUG OBJECTEXTEND PRINT(.\LST\LED.lst) TABS(2) OBJECT(.\Output\LED.obj)

line level    source

   1          /*
   2            WIFI状态指示灯
   3            LED指示灯
   4          */
   5          #include "N76E003.h"
   6          #include "Common.h"
   7          #include "Function_define.h"
   8          #include "LED.h"
   9          /*
  10            LED IO初始化
  11            WIFI状态指示灯
  12            P1.7
  13            高电平点亮，低电平熄灭
  14          */
  15          void LED_Init(void)
  16          {
  17   1        P17_PushPull_Mode;
  18   1        LED1_STATUS=1;
  19   1        
  20   1        P30_PushPull_Mode;
  21   1        LED2_STATUS=1;  
  22   1      }
  23          
  24          void Set_LED_WIFI(void)
  25          {
  26   1        LED1_STATUS=0;
  27   1        LED2_STATUS=0;
  28   1      }
  29          
  30          void Reset_LED_WIFI(void)
  31          {
  32   1        LED1_STATUS=1;
  33   1        LED2_STATUS=1;
  34   1      }
  35          
  36          void Turn_LED(void)
  37          {
  38   1        if(LED1_STATUS)
  39   1          Set_LED_WIFI();
  40   1        else
  41   1          Reset_LED_WIFI();
  42   1      }
  43          
  44          u16 wifi_connect_timeout = 0;
  45          u8 CheckWifiStatus(void)
  46          {
  47   1        if(wifi_connect_timeout)
  48   1          wifi_connect_timeout--;
  49   1        else
  50   1          return 1;//超时，WIFI断开
  51   1        
  52   1        return 0;//未超时，表示WIFI处于连接状态
  53   1      }
  54          
C51 COMPILER V9.52.0.0   LED                                                               11/06/2017 17:49:00 PAGE 2   

  55          void SetWifiStatus(void)
  56          {
  57   1        wifi_connect_timeout = WIFI_CONNECT_TIMEOUT;
  58   1      }
  59          
  60          /*
  61            LED闪烁
  62          */
  63          #define LED_FLASH_RATE  1000  //LED闪烁速率
  64          u16 led_Flash_Rate = LED_FLASH_RATE;
  65          void LED_Flash(void)
  66          {
  67   1        if(led_Flash_Rate)
  68   1          led_Flash_Rate--;
  69   1        else
  70   1        {
  71   2          led_Flash_Rate = LED_FLASH_RATE;
  72   2          Turn_LED();
  73   2        }
  74   1      }
  75          
  76          /*
  77            LED指示灯
  78          */
  79          void Indicator_Light(void)
  80          {
  81   1        //检测WIFI连接状态
  82   1        if(CheckWifiStatus())
  83   1        {
  84   2          //Reset_LED_WIFI();
  85   2          LED_Flash();
  86   2        }
  87   1        else
  88   1        {
  89   2          Set_LED_WIFI();
  90   2        } 
  91   1      }


MODULE INFORMATION:   STATIC OVERLAYABLE
   CODE SIZE        =    134    ----
   CONSTANT SIZE    =   ----    ----
   XDATA SIZE       =      4    ----
   PDATA SIZE       =   ----    ----
   DATA SIZE        =   ----    ----
   IDATA SIZE       =   ----    ----
   BIT SIZE         =   ----    ----
END OF MODULE INFORMATION.


C51 COMPILATION COMPLETE.  0 WARNING(S),  0 ERROR(S)
