C51 COMPILER V9.52.0.0   MAINAPP                                                           12/12/2017 15:22:30 PAGE 1   


C51 COMPILER V9.52.0.0, COMPILATION OF MODULE MAINAPP
OBJECT MODULE PLACED IN .\Output\mainapp.obj
COMPILER INVOKED BY: C:\Keil_v5\C51\BIN\C51.EXE Code\mainapp.c OPTIMIZE(4,SPEED) BROWSE INCDIR(.\Code\Common;.\Code;.\Co
                    -de\BSP;.\Code\N76E003_HW) DEFINE(FOSC_160000) DEBUG OBJECTEXTEND PRINT(.\LST\mainapp.lst) TABS(2) OBJECT(.\Output\mainap
                    -p.obj)

line level    source

   1          /*--------------------------------------------------------------------------------------------------------
             --*/
   2          /*                                                                                                        
             - */
   3          /* Copyright(c) 2017 Buta Technology Corp. All rights reserved.                                         */
   4          /*                                                                                                        
             - */
   5          /*--------------------------------------------------------------------------------------------------------
             --*/
   6          
   7          //********************************************************************************************************
             -***
   8          //  Website: http://www.ptahtoy.com
   9          //  E-Mail : linshigao@ptahtoy.com
  10          //  Date   : Jun/24/2017
  11          //********************************************************************************************************
             -***
  12          
  13          //********************************************************************************************************
             -***
  14          //  File Function: BabyMonkey(Finger Toy) 
  15          //********************************************************************************************************
             -***
  16          #include "N76E003.h"
  17          #include "Common.h"
  18          #include "Delay.h"
  19          #include "Audio.h"
  20          #include "Board.h"
  21          #include "PWM.h"
  22          #include "motor.h"
  23          #include "SFR_Macro.h"
  24          #include "Function_define.h"
  25          #include "string.h"
  26          #include "UART.h"
  27          #include "LED.h"
  28          #include "ADC.h"
  29          #include "voltage.h"
  30          #include "SFR_Macro.h"
  31          
  32          /***********************Local function Define***********************/
  33          static void AppInit(void);
  34          static void AppTask(void);
  35          static void ClearSensorStatus(void);
  36          static void WakeupAction(void);
  37          /***********************Local Variables Define***********************/
  38          
  39          EUINT8 midletick;//1s per tick
  40           
  41          u8  uartData = 0; //????
  42          //u8  uartBuf[DATA_LEN];
  43          u8  num = 0;
  44          
  45          u8 dataPacket0;
C51 COMPILER V9.52.0.0   MAINAPP                                                           12/12/2017 15:22:30 PAGE 2   

  46          u8 dataPacket1;
  47          u8 speed = 0x00;
  48          u16 timeOutSonix = 0;//?????????
  49          
  50          void delay(void)   //
  51          {
  52   1          unsigned char a,b;
  53   1          for(b=20;b>0;b--)
  54   1              for(a=1;a>0;a--);
  55   1      } 
  56          
  57          /*******************************************************************/
  58          //UINT16 mtcnt,mprevtcnt;
  59          void main (void) 
  60          {
  61   1        u8 il=0;
  62   1      //  UINT16 minus;
  63   1        u8 motorOutFlag = 0;
  64   1        u16 i=0;
  65   1      //  u16 adc_val;
  66   1      
  67   1        //AppInit();
  68   1        BoardInit();
  69   1        
  70   1        // Test code
  71   1      //  for(il=0;il<12;il++)
  72   1      //  {
  73   1      //    WDT_Reset();
  74   1      //    delayms(10);
  75   1      //    Turn_LED();
  76   1      //  }
  77   1        
  78   1        //delay();
  79   1        
  80   1        //MyPrintf("Hello Wifi \r\n");
  81   1        
  82   1        //Set_Bat_TH();//设置电池电量检测阈值
  83   1        while(1)
  84   1        {
  85   2          if(GetSysClock())//500uS
  86   2          {
  87   3            ResetSysClock();
  88   3            WDT_Reset();
  89   3            
  90   3            Voltage_Monitor();
  91   3            //Vol_Monitor_Idle();
  92   3            
  93   3            if(Check_Recieve_Valid())//接收到有效的数据包
  94   3            {
  95   4              Rx_Package_Handle(RX_Packet);
  96   4            }
  97   3            
  98   3            if(CheckTimeOut_Wifi())//WIFI信号超时
  99   3            {
 100   4              SetMotor_Brake();//刹车
 101   4              Set_Motor_Status(MOTOR_MAIN,0);//复位电机状态
 102   4              SetArm( ARM_STOP );
 103   4              Set_Motor_Status(MOTOR_ARM,0);//复位电机状态
 104   4              SetClaw( CLAW_STOP );
 105   4            } 
 106   3            else 
 107   3            {
C51 COMPILER V9.52.0.0   MAINAPP                                                           12/12/2017 15:22:30 PAGE 3   

 108   4              //前后信号接收超时，刹车
 109   4              if(CheckTimeOut_Motor())
 110   4              {
 111   5                SetMotor_Brake();//刹车
 112   5                Set_Motor_Status(MOTOR_MAIN,0);//复位电机状态
 113   5              }
 114   4            }
 115   3            
 116   3            if(CheckTimeOut_Claw())//检测前爪停转
 117   3            {
 118   4              if(Check_Claw_EN())
 119   4              {
 120   5                Reset_Claw_EN();  
 121   5                Claw_Trun();//前爪反转
 122   5              }       
 123   4            }
 124   3              
 125   3            Indicator_Light();//指示灯显示
 126   3          }
 127   2        }
 128   1      }
 129          
 130          /*
 131          应用层的一些初始化
 132          */
 133          static void AppInit(void)
 134          {
 135   1        
 136   1      }
 137          
 138          /*
 139          应用层任务
 140          */
 141          static void AppTask(void)
 142          {
 143   1         
 144   1      }
 145          
 146          /*
 147            接收数据解析
 148            RX_Handle
 149          */
 150          void Rx_Package_Handle(uint8_t *uartBuf)
 151          {
 152   1        Set_TimeOut_Wifi();//WIFI超时复位
 153   1        SetWifiStatus();//设置WIFI为连接状态
 154   1        
 155   1        //if(Get_Vol_Status() == NORMAL)
 156   1        {
 157   2          if( (uartBuf[2]!=0x80) || (uartBuf[1]!=0x80) )
 158   2          {
 159   3            Control_Motor(uartBuf[2],uartBuf[1]);
 160   3            
 161   3            Set_Motor_Status(MOTOR_MAIN,1);//设置电机状态
 162   3            
 163   3            Set_TimeOut_Motor();//复位超时计数
 164   3          }
 165   2          
 166   2          if(uartBuf[3] != 0x00)//0x00空闲信号
 167   2          {
 168   3            Control_ARM (uartBuf[3]);
 169   3            Control_Claw(uartBuf[4]);
C51 COMPILER V9.52.0.0   MAINAPP                                                           12/12/2017 15:22:30 PAGE 4   

 170   3          }
 171   2        }
 172   1      }


MODULE INFORMATION:   STATIC OVERLAYABLE
   CODE SIZE        =    253    ----
   CONSTANT SIZE    =   ----    ----
   XDATA SIZE       =      8       4
   PDATA SIZE       =   ----    ----
   DATA SIZE        =   ----       3
   IDATA SIZE       =   ----    ----
   BIT SIZE         =   ----    ----
END OF MODULE INFORMATION.


C51 COMPILATION COMPLETE.  0 WARNING(S),  0 ERROR(S)
