C51 COMPILER V9.56.0.0   SX50X0                                                            08/11/2017 18:35:51 PAGE 1   


C51 COMPILER V9.56.0.0, COMPILATION OF MODULE SX50X0
OBJECT MODULE PLACED IN .\Output\SX50x0.obj
COMPILER INVOKED BY: C:\Keil_v5\C51\BIN\C51.EXE Code\BSP\SX50x0.c OPTIMIZE(4,SPEED) BROWSE INCDIR(.\Code\Common;.\Code;.
                    -\Code\BSP;.\Code\N76E003_HW) DEFINE(FOSC_160000) DEBUG OBJECTEXTEND PRINT(.\LST\SX50x0.lst) TABS(2) OBJECT(.\Output\SX50
                    -x0.obj)

line level    source

   1          
   2          /*--------------------------------------------------------------------------------------------------------
             --*/
   3          /*                                                                                                        
             - */
   4          /* Copyright(c) 2017 Buta Technology Corp. All rights reserved.                                         */
   5          /*                                                                                                        
             - */
   6          /*--------------------------------------------------------------------------------------------------------
             --*/
   7          
   8          //********************************************************************************************************
             -***
   9          //  Website: http://www.ptahtoy.com
  10          //  E-Mail : linshigao@ptahtoy.com
  11          //  Date   : Jun/24/2017
  12          //********************************************************************************************************
             -***
  13          
  14          //********************************************************************************************************
             -***
  15          //  File Function: BabyMonkey(Finger Toy) 
  16          //********************************************************************************************************
             -***
  17          
  18          #include "N76E003.h"
  19          #include "SFR_Macro.h"
  20          #include "Function_define.h"
  21          #include "Common.h"
  22          #include "SX50x0.h"
  23           
  24          /*********************全局变量************************/
  25          EUINT8 gSx50x0DataBuff=0;//数据缓冲
  26          EUINT8 gSx50x0SendBusy=0;//发送数据忙标志,0-空闲;1-忙;
  27          /*********************函数声明************************/
  28          
  29          /*********************函数实现************************/
  30          void Sx50x0_IO_Init(void)
  31          {
  32   1        P00_Input_Mode;//BUSY input
  33   1        P10_PushPull_Mode;//SDA output
  34   1      }
  35          
  36          
  37          #define STA_SX50_SEND_IDLE          (0)
  38          #define STA_SX50_SEND_HEAD          (10)
  39          #define STA_SX50_SEND_DATA_BIT_H    (20)
  40          #define STA_SX50_SEND_DATA_BIT_L    (21)
  41          #define STA_SX50_SEND_DATA_NEXT     (22)
  42          #define STA_SX50_SEND_FINISHED      (30)
  43          static UINT8 gSx50x0SendSta=STA_SX50_SEND_IDLE;
  44          static UINT8 gSx50x0SendSMCnt=0;
  45          static UINT8 gSx50x0SendBitNum=0;
C51 COMPILER V9.56.0.0   SX50X0                                                            08/11/2017 18:35:51 PAGE 2   

  46          
  47          //main loop 500us调用一次
  48          void Sx50x0SendStateMachine(void)
  49          {
  50   1        switch(gSx50x0SendSta)
  51   1        {
  52   2        case STA_SX50_SEND_IDLE:    
  53   2          break;
  54   2        case STA_SX50_SEND_HEAD:
  55   2          SX50X0_PIN_SDA=0;
  56   2          gSx50x0SendSMCnt=10;//5ms
  57   2          gSx50x0SendSta=STA_SX50_SEND_DATA_BIT_H;
  58   2          break;
  59   2        case STA_SX50_SEND_DATA_BIT_H:
  60   2          if(!gSx50x0SendSMCnt)
  61   2          {      
  62   3            if(gSx50x0DataBuff & 0x01)
  63   3              //逻辑1:高低电平3:1
  64   3            {
  65   4              gSx50x0SendSMCnt=3;
  66   4            }
  67   3            else
  68   3              //逻辑0:高低电平1:3
  69   3            {
  70   4              gSx50x0SendSMCnt=1;
  71   4            }
  72   3            SX50X0_PIN_SDA=1;
  73   3            gSx50x0SendSta=STA_SX50_SEND_DATA_BIT_L;
  74   3          }    
  75   2          break;
  76   2        case STA_SX50_SEND_DATA_BIT_L:
  77   2          if(!gSx50x0SendSMCnt)
  78   2          {      
  79   3            if(gSx50x0DataBuff & 0x01)
  80   3              //逻辑1:高低电平3:1
  81   3            {
  82   4              gSx50x0SendSMCnt=1;
  83   4            }
  84   3            else
  85   3              //逻辑0:高低电平1:3
  86   3            {
  87   4              gSx50x0SendSMCnt=3;
  88   4            }
  89   3            SX50X0_PIN_SDA=0;
  90   3            gSx50x0SendSta=STA_SX50_SEND_DATA_NEXT;
  91   3          } 
  92   2          break;
  93   2        case STA_SX50_SEND_DATA_NEXT:
  94   2          if(!gSx50x0SendSMCnt)
  95   2          {      
  96   3            if(gSx50x0SendBitNum<7)
  97   3            //未写完，继续写下一个
  98   3            {
  99   4              gSx50x0DataBuff>>=1;
 100   4              gSx50x0SendBitNum++;
 101   4              gSx50x0SendSta=STA_SX50_SEND_DATA_BIT_H;
 102   4            }
 103   3            else
 104   3            //写完一个Byte
 105   3            {
 106   4              gSx50x0SendSta=STA_SX50_SEND_IDLE;
 107   4              gSx50x0SendBitNum=0;
C51 COMPILER V9.56.0.0   SX50X0                                                            08/11/2017 18:35:51 PAGE 3   

 108   4              SX50X0_PIN_SDA=1;
 109   4              gSx50x0SendBusy=0;//idle
 110   4          //    T3IE = 0;                           //关T3中断
 111   4            }
 112   3             
 113   3            
 114   3          }  
 115   2          break;
 116   2        case STA_SX50_SEND_FINISHED:
 117   2          if(!gSx50x0SendSMCnt)
 118   2          {      
 119   3          }    
 120   2          break;
 121   2        default:
 122   2          break;
 123   2        }
 124   1        
 125   1       // if(gSx50x0SendSMCnt)gSx50x0SendSMCnt--;//500us/tick
 126   1      }
 127          
 128          void Sx50x_DriveTickCount(void)
 129          {
 130   1       if(gSx50x0SendSMCnt)gSx50x0SendSMCnt--;//500us/tick
 131   1      }
 132          
 133          void Sx50x0SendData(UINT8 *pdin)
 134          {
 135   1       // T3IE = 1;                           //开T3中断
 136   1        gSx50x0DataBuff=*pdin;
 137   1        gSx50x0SendBitNum=0;
 138   1        SX50X0_PIN_SDA=1;
 139   1        gSx50x0SendSta=STA_SX50_SEND_HEAD;
 140   1      }
 141          


MODULE INFORMATION:   STATIC OVERLAYABLE
   CODE SIZE        =    152    ----
   CONSTANT SIZE    =   ----    ----
   XDATA SIZE       =      2    ----
   PDATA SIZE       =   ----    ----
   DATA SIZE        =      3    ----
   IDATA SIZE       =   ----    ----
   BIT SIZE         =   ----    ----
END OF MODULE INFORMATION.


C51 COMPILATION COMPLETE.  0 WARNING(S),  0 ERROR(S)
